java.security.AccessControlException: access denied ("java.lang.RuntimePermission" "sai.JavaReflection")
java.security.AccessControlException: access denied ("java.lang.RuntimePermission" "sai.JavaReflection")
java.security.AccessControlException: access denied ("java.lang.RuntimePermission" "sai.JavaReflection")
