TypeError: Class constructor cannot be invoked without "new"
true
TypeError: Class constructor cannot be invoked without "new"
5
TypeError: Class constructor cannot be invoked without "new"
10
TypeError: Class constructor cannot be invoked without "new"
3
TypeError: Class constructor cannot be invoked without "new"
late
TypeError: Class constructor cannot be invoked without "new"
true
literal
true
true
TypeError: Class constructor cannot be invoked without "new"
TypeError
1
4
321
true
