declaration       = 'declared'
named expression  = 'realName'
var               = 'fromVar'
let               = 'fromLet'
const             = 'fromConst'
assignment        = 'assigned'
arrow             = 'arrow'
object literal    = 'key' 'inner'
property access   = 'viaAccess'
expression stmt   = ''
returned          = ''
argument          = ''
bound             = 'bound declared'
bound anonymous   = 'bound '
bound twice       = 'bound bound declared'
bound inferred    = 'bound fromVar'
value             = 'f'
writable          = false
enumerable        = false
configurable      = false
assignment kept   = 'target'
stable            = 'inner' 'inner'
