-- all nine are there
function function function function function function
number number number
enumerable 0
arities 1,1,1,1,1,2
-- the constants
2.220446049250313e-16 9007199254740991 -9007199254740991
true true
true
true
true
true
-- Number.parseInt and Number.parseFloat are the global functions themselves
true true
true true
42 255 -7
3.14 0.5 NaN
-- Number.isNaN does not coerce, the global isNaN does
true true false
false true
false true
false false false false
-- Number.isFinite does not coerce either
true true true true
false false false
false true
false true
false false false
-- Number.isInteger
true true true true
true false false
true true
false false false
false false false
false false false false
-- Number.isSafeInteger
true true true true
false true
false true
true true
false false false
false false
-- attributes match the neighbouring Number members
false false
true false true
true false true
