is(NaN, NaN)      = true
is(0, -0)         = false
is(-0, -0)        = true
is(0, 0)          = true
is(1, 1)          = true
is(1, '1')        = false
is('a', 'a')      = true
is(null, undef)   = false
is(null, null)    = true
is(undef, undef)  = true
is(obj, obj)      = true
is({}, {})        = false
is.length         = 2
assign.length     = 2
returns target    = true
merged            = 4 2 3
skips nullish     = 1
skips hidden      = false 2
skips inherited   = false 2
getter read       = 42 1
copied as data    = 42
setter called     = 7 / from getter
string source     = ab
primitive target  = object 2
null target       = true
undefined target  = true
assign attrs      = true false true
is attrs          = true false true
