no flags          = ''
g                 = 'g'
i                 = 'i'
m                 = 'm'
gim               = 'gim'
u                 = 'u'
y                 = 'y'
uy                = 'uy'
gimuy             = 'gimuy'
igm -> gim        = 'gim'
mig -> gim        = 'gim'
yugmi -> gimuy    = 'gimuy'
new RegExp('x','mg') = 'gm'
new RegExp('x','yu') = 'uy'
all 32 subsets    = ok
toString          = '/x/gimuy'
own on instance   = true
value             = 'gi'
writable          = false
enumerable        = false
configurable      = true
proto.flags       = ''
after assignment  = 'gi' ''
strict assignment = true
